     0,                  Time [s],                            Time [s]
     1,            delta GENROU 1,                   $\delta$ GENROU 1
     2,            delta GENROU 2,                   $\delta$ GENROU 2
     3,            delta GENROU 3,                   $\delta$ GENROU 3
     4,            delta GENROU 4,                   $\delta$ GENROU 4
     5,            omega GENROU 1,                   $\omega$ GENROU 1
     6,            omega GENROU 2,                   $\omega$ GENROU 2
     7,            omega GENROU 3,                   $\omega$ GENROU 3
     8,            omega GENROU 4,                   $\omega$ GENROU 4
     9,              e1q GENROU 1,                   ${e'_q}$ GENROU 1
    10,              e1q GENROU 2,                   ${e'_q}$ GENROU 2
    11,              e1q GENROU 3,                   ${e'_q}$ GENROU 3
    12,              e1q GENROU 4,                   ${e'_q}$ GENROU 4
    13,              e1d GENROU 1,                   ${e'_d}$ GENROU 1
    14,              e1d GENROU 2,                   ${e'_d}$ GENROU 2
    15,              e1d GENROU 3,                   ${e'_d}$ GENROU 3
    16,              e1d GENROU 4,                   ${e'_d}$ GENROU 4
    17,              e2d GENROU 1,                  ${e''_d}$ GENROU 1
    18,              e2d GENROU 2,                  ${e''_d}$ GENROU 2
    19,              e2d GENROU 3,                  ${e''_d}$ GENROU 3
    20,              e2d GENROU 4,                  ${e''_d}$ GENROU 4
    21,              e2q GENROU 1,                  ${e''_q}$ GENROU 1
    22,              e2q GENROU 2,                  ${e''_q}$ GENROU 2
    23,              e2q GENROU 3,                  ${e''_q}$ GENROU 3
    24,              e2q GENROU 4,                  ${e''_q}$ GENROU 4
    25,             LAG_y TGOV1 1,                   $y_{LAG}$ TGOV1 1
    26,             LAG_y TGOV1 2,                   $y_{LAG}$ TGOV1 2
    27,             LAG_y TGOV1 3,                   $y_{LAG}$ TGOV1 3
    28,             LAG_y TGOV1 4,                   $y_{LAG}$ TGOV1 4
    29,              LL_x TGOV1 1,                   $x'_{LL}$ TGOV1 1
    30,              LL_x TGOV1 2,                   $x'_{LL}$ TGOV1 2
    31,              LL_x TGOV1 3,                   $x'_{LL}$ TGOV1 3
    32,              LL_x TGOV1 4,                   $x'_{LL}$ TGOV1 4
    33,                vp EXDC2 1,                       $V_p$ EXDC2 1
    34,                vp EXDC2 2,                       $V_p$ EXDC2 2
    35,                vp EXDC2 3,                       $V_p$ EXDC2 3
    36,                vp EXDC2 4,                       $V_p$ EXDC2 4
    37,              LS_y EXDC2 1,                    $y_{LS}$ EXDC2 1
    38,              LS_y EXDC2 2,                    $y_{LS}$ EXDC2 2
    39,              LS_y EXDC2 3,                    $y_{LS}$ EXDC2 3
    40,              LS_y EXDC2 4,                    $y_{LS}$ EXDC2 4
    41,              LL_x EXDC2 1,                   $x'_{LL}$ EXDC2 1
    42,              LL_x EXDC2 2,                   $x'_{LL}$ EXDC2 2
    43,              LL_x EXDC2 3,                   $x'_{LL}$ EXDC2 3
    44,              LL_x EXDC2 4,                   $x'_{LL}$ EXDC2 4
    45,              LA_y EXDC2 1,                    $y_{LA}$ EXDC2 1
    46,              LA_y EXDC2 2,                    $y_{LA}$ EXDC2 2
    47,              LA_y EXDC2 3,                    $y_{LA}$ EXDC2 3
    48,              LA_y EXDC2 4,                    $y_{LA}$ EXDC2 4
    49,               W_x EXDC2 1,                    $x'_{W}$ EXDC2 1
    50,               W_x EXDC2 2,                    $x'_{W}$ EXDC2 2
    51,               W_x EXDC2 3,                    $x'_{W}$ EXDC2 3
    52,               W_x EXDC2 4,                    $x'_{W}$ EXDC2 4
    53,                   a Bus 1,                      $\theta$ Bus 1
    54,                   a Bus 2,                      $\theta$ Bus 2
    55,                   a Bus 3,                      $\theta$ Bus 3
    56,                   a Bus 4,                      $\theta$ Bus 4
    57,                   a Bus 5,                      $\theta$ Bus 5
    58,                   a Bus 6,                      $\theta$ Bus 6
    59,                   a Bus 7,                      $\theta$ Bus 7
    60,                   a Bus 8,                      $\theta$ Bus 8
    61,                   a Bus 9,                      $\theta$ Bus 9
    62,                  a Bus 10,                     $\theta$ Bus 10
    63,                   v Bus 1,                           $V$ Bus 1
    64,                   v Bus 2,                           $V$ Bus 2
    65,                   v Bus 3,                           $V$ Bus 3
    66,                   v Bus 4,                           $V$ Bus 4
    67,                   v Bus 5,                           $V$ Bus 5
    68,                   v Bus 6,                           $V$ Bus 6
    69,                   v Bus 7,                           $V$ Bus 7
    70,                   v Bus 8,                           $V$ Bus 8
    71,                   v Bus 9,                           $V$ Bus 9
    72,                  v Bus 10,                          $V$ Bus 10
    73,                    q PV 2,                            $q$ PV 2
    74,                    q PV 3,                            $q$ PV 3
    75,                    q PV 4,                            $q$ PV 4
    76,                 q Slack 1,                         $q$ Slack 1
    77,                 p Slack 1,                         $p$ Slack 1
    78,               Id GENROU 1,                      $I_d$ GENROU 1
    79,               Id GENROU 2,                      $I_d$ GENROU 2
    80,               Id GENROU 3,                      $I_d$ GENROU 3
    81,               Id GENROU 4,                      $I_d$ GENROU 4
    82,               Iq GENROU 1,                      $I_q$ GENROU 1
    83,               Iq GENROU 2,                      $I_q$ GENROU 2
    84,               Iq GENROU 3,                      $I_q$ GENROU 3
    85,               Iq GENROU 4,                      $I_q$ GENROU 4
    86,               vd GENROU 1,                      $V_d$ GENROU 1
    87,               vd GENROU 2,                      $V_d$ GENROU 2
    88,               vd GENROU 3,                      $V_d$ GENROU 3
    89,               vd GENROU 4,                      $V_d$ GENROU 4
    90,               vq GENROU 1,                      $V_q$ GENROU 1
    91,               vq GENROU 2,                      $V_q$ GENROU 2
    92,               vq GENROU 3,                      $V_q$ GENROU 3
    93,               vq GENROU 4,                      $V_q$ GENROU 4
    94,               tm GENROU 1,                   $\tau_m$ GENROU 1
    95,               tm GENROU 2,                   $\tau_m$ GENROU 2
    96,               tm GENROU 3,                   $\tau_m$ GENROU 3
    97,               tm GENROU 4,                   $\tau_m$ GENROU 4
    98,               te GENROU 1,                   $\tau_e$ GENROU 1
    99,               te GENROU 2,                   $\tau_e$ GENROU 2
   100,               te GENROU 3,                   $\tau_e$ GENROU 3
   101,               te GENROU 4,                   $\tau_e$ GENROU 4
   102,               vf GENROU 1,                      $v_f$ GENROU 1
   103,               vf GENROU 2,                      $v_f$ GENROU 2
   104,               vf GENROU 3,                      $v_f$ GENROU 3
   105,               vf GENROU 4,                      $v_f$ GENROU 4
   106,           XadIfd GENROU 1,             $X_{ad}I_{fd}$ GENROU 1
   107,           XadIfd GENROU 2,             $X_{ad}I_{fd}$ GENROU 2
   108,           XadIfd GENROU 3,             $X_{ad}I_{fd}$ GENROU 3
   109,           XadIfd GENROU 4,             $X_{ad}I_{fd}$ GENROU 4
   110,               Pe GENROU 1,                      $P_e$ GENROU 1
   111,               Pe GENROU 2,                      $P_e$ GENROU 2
   112,               Pe GENROU 3,                      $P_e$ GENROU 3
   113,               Pe GENROU 4,                      $P_e$ GENROU 4
   114,               Qe GENROU 1,                      $Q_e$ GENROU 1
   115,               Qe GENROU 2,                      $Q_e$ GENROU 2
   116,               Qe GENROU 3,                      $Q_e$ GENROU 3
   117,               Qe GENROU 4,                      $Q_e$ GENROU 4
   118,             psid GENROU 1,                   $\psi_d$ GENROU 1
   119,             psid GENROU 2,                   $\psi_d$ GENROU 2
   120,             psid GENROU 3,                   $\psi_d$ GENROU 3
   121,             psid GENROU 4,                   $\psi_d$ GENROU 4
   122,             psiq GENROU 1,                   $\psi_q$ GENROU 1
   123,             psiq GENROU 2,                   $\psi_q$ GENROU 2
   124,             psiq GENROU 3,                   $\psi_q$ GENROU 3
   125,             psiq GENROU 4,                   $\psi_q$ GENROU 4
   126,            psi2q GENROU 1,                $\psi_{aq}$ GENROU 1
   127,            psi2q GENROU 2,                $\psi_{aq}$ GENROU 2
   128,            psi2q GENROU 3,                $\psi_{aq}$ GENROU 3
   129,            psi2q GENROU 4,                $\psi_{aq}$ GENROU 4
   130,            psi2d GENROU 1,                $\psi_{ad}$ GENROU 1
   131,            psi2d GENROU 2,                $\psi_{ad}$ GENROU 2
   132,            psi2d GENROU 3,                $\psi_{ad}$ GENROU 3
   133,            psi2d GENROU 4,                $\psi_{ad}$ GENROU 4
   134,             psi2 GENROU 1,                   $\psi_a$ GENROU 1
   135,             psi2 GENROU 2,                   $\psi_a$ GENROU 2
   136,             psi2 GENROU 3,                   $\psi_a$ GENROU 3
   137,             psi2 GENROU 4,                   $\psi_a$ GENROU 4
   138,               Se GENROU 1,          $S_e(|\psi_{a}|)$ GENROU 1
   139,               Se GENROU 2,          $S_e(|\psi_{a}|)$ GENROU 2
   140,               Se GENROU 3,          $S_e(|\psi_{a}|)$ GENROU 3
   141,               Se GENROU 4,          $S_e(|\psi_{a}|)$ GENROU 4
   142,           XaqI1q GENROU 1,             $X_{aq}I_{1q}$ GENROU 1
   143,           XaqI1q GENROU 2,             $X_{aq}I_{1q}$ GENROU 2
   144,           XaqI1q GENROU 3,             $X_{aq}I_{1q}$ GENROU 3
   145,           XaqI1q GENROU 4,             $X_{aq}I_{1q}$ GENROU 4
   146,              paux TGOV1 1,                   $P_{aux}$ TGOV1 1
   147,              paux TGOV1 2,                   $P_{aux}$ TGOV1 2
   148,              paux TGOV1 3,                   $P_{aux}$ TGOV1 3
   149,              paux TGOV1 4,                   $P_{aux}$ TGOV1 4
   150,              pout TGOV1 1,                   $P_{out}$ TGOV1 1
   151,              pout TGOV1 2,                   $P_{out}$ TGOV1 2
   152,              pout TGOV1 3,                   $P_{out}$ TGOV1 3
   153,              pout TGOV1 4,                   $P_{out}$ TGOV1 4
   154,              wref TGOV1 1,              $\omega_{ref}$ TGOV1 1
   155,              wref TGOV1 2,              $\omega_{ref}$ TGOV1 2
   156,              wref TGOV1 3,              $\omega_{ref}$ TGOV1 3
   157,              wref TGOV1 4,              $\omega_{ref}$ TGOV1 4
   158,              pref TGOV1 1,                   $P_{ref}$ TGOV1 1
   159,              pref TGOV1 2,                   $P_{ref}$ TGOV1 2
   160,              pref TGOV1 3,                   $P_{ref}$ TGOV1 3
   161,              pref TGOV1 4,                   $P_{ref}$ TGOV1 4
   162,                wd TGOV1 1,              $\omega_{dev}$ TGOV1 1
   163,                wd TGOV1 2,              $\omega_{dev}$ TGOV1 2
   164,                wd TGOV1 3,              $\omega_{dev}$ TGOV1 3
   165,                wd TGOV1 4,              $\omega_{dev}$ TGOV1 4
   166,                pd TGOV1 1,                       $P_d$ TGOV1 1
   167,                pd TGOV1 2,                       $P_d$ TGOV1 2
   168,                pd TGOV1 3,                       $P_d$ TGOV1 3
   169,                pd TGOV1 4,                       $P_d$ TGOV1 4
   170,              LL_y TGOV1 1,                    $y_{LL}$ TGOV1 1
   171,              LL_y TGOV1 2,                    $y_{LL}$ TGOV1 2
   172,              LL_y TGOV1 3,                    $y_{LL}$ TGOV1 3
   173,              LL_y TGOV1 4,                    $y_{LL}$ TGOV1 4
   174,                 v EXDC2 1,                  $E_{term}$ EXDC2 1
   175,                 v EXDC2 2,                  $E_{term}$ EXDC2 2
   176,                 v EXDC2 3,                  $E_{term}$ EXDC2 3
   177,                 v EXDC2 4,                  $E_{term}$ EXDC2 4
   178,              vout EXDC2 1,                   $v_{out}$ EXDC2 1
   179,              vout EXDC2 2,                   $v_{out}$ EXDC2 2
   180,              vout EXDC2 3,                   $v_{out}$ EXDC2 3
   181,              vout EXDC2 4,                   $v_{out}$ EXDC2 4
   182,              vref EXDC2 1,                   $V_{ref}$ EXDC2 1
   183,              vref EXDC2 2,                   $V_{ref}$ EXDC2 2
   184,              vref EXDC2 3,                   $V_{ref}$ EXDC2 3
   185,              vref EXDC2 4,                   $V_{ref}$ EXDC2 4
   186,                Se EXDC2 1,            $S_e(|V_{out}|)$ EXDC2 1
   187,                Se EXDC2 2,            $S_e(|V_{out}|)$ EXDC2 2
   188,                Se EXDC2 3,            $S_e(|V_{out}|)$ EXDC2 3
   189,                Se EXDC2 4,            $S_e(|V_{out}|)$ EXDC2 4
   190,                vi EXDC2 1,                       $V_i$ EXDC2 1
   191,                vi EXDC2 2,                       $V_i$ EXDC2 2
   192,                vi EXDC2 3,                       $V_i$ EXDC2 3
   193,                vi EXDC2 4,                       $V_i$ EXDC2 4
   194,              LL_y EXDC2 1,                    $y_{LL}$ EXDC2 1
   195,              LL_y EXDC2 2,                    $y_{LL}$ EXDC2 2
   196,              LL_y EXDC2 3,                    $y_{LL}$ EXDC2 3
   197,              LL_y EXDC2 4,                    $y_{LL}$ EXDC2 4
   198,               W_y EXDC2 1,                     $y_{W}$ EXDC2 1
   199,               W_y EXDC2 2,                     $y_{W}$ EXDC2 2
   200,               W_y EXDC2 3,                     $y_{W}$ EXDC2 3
   201,               W_y EXDC2 4,                     $y_{W}$ EXDC2 4
