     0,                  Time [s],                            Time [s]
     1,            delta GENCLS 1,                   $\delta$ GENCLS 1
     2,            delta GENCLS 2,                   $\delta$ GENCLS 2
     3,            delta GENCLS 3,                   $\delta$ GENCLS 3
     4,            delta GENCLS 4,                   $\delta$ GENCLS 4
     5,            delta GENCLS 5,                   $\delta$ GENCLS 5
     6,            delta GENCLS 6,                   $\delta$ GENCLS 6
     7,            delta GENCLS 7,                   $\delta$ GENCLS 7
     8,            delta GENCLS 8,                   $\delta$ GENCLS 8
     9,            delta GENCLS 9,                   $\delta$ GENCLS 9
    10,           delta GENCLS 10,                  $\delta$ GENCLS 10
    11,           delta GENCLS 11,                  $\delta$ GENCLS 11
    12,           delta GENCLS 12,                  $\delta$ GENCLS 12
    13,           delta GENCLS 13,                  $\delta$ GENCLS 13
    14,            omega GENCLS 1,                   $\omega$ GENCLS 1
    15,            omega GENCLS 2,                   $\omega$ GENCLS 2
    16,            omega GENCLS 3,                   $\omega$ GENCLS 3
    17,            omega GENCLS 4,                   $\omega$ GENCLS 4
    18,            omega GENCLS 5,                   $\omega$ GENCLS 5
    19,            omega GENCLS 6,                   $\omega$ GENCLS 6
    20,            omega GENCLS 7,                   $\omega$ GENCLS 7
    21,            omega GENCLS 8,                   $\omega$ GENCLS 8
    22,            omega GENCLS 9,                   $\omega$ GENCLS 9
    23,           omega GENCLS 10,                  $\omega$ GENCLS 10
    24,           omega GENCLS 11,                  $\omega$ GENCLS 11
    25,           omega GENCLS 12,                  $\omega$ GENCLS 12
    26,           omega GENCLS 13,                  $\omega$ GENCLS 13
    27,                   a Bus 1,                      $\theta$ Bus 1
    28,                   a Bus 2,                      $\theta$ Bus 2
    29,                   a Bus 3,                      $\theta$ Bus 3
    30,                   a Bus 4,                      $\theta$ Bus 4
    31,                   a Bus 5,                      $\theta$ Bus 5
    32,                   a Bus 6,                      $\theta$ Bus 6
    33,                   a Bus 7,                      $\theta$ Bus 7
    34,                   a Bus 8,                      $\theta$ Bus 8
    35,                   a Bus 9,                      $\theta$ Bus 9
    36,                  a Bus 10,                     $\theta$ Bus 10
    37,                  a Bus 11,                     $\theta$ Bus 11
    38,                  a Bus 12,                     $\theta$ Bus 12
    39,                  a Bus 13,                     $\theta$ Bus 13
    40,                   v Bus 1,                           $V$ Bus 1
    41,                   v Bus 2,                           $V$ Bus 2
    42,                   v Bus 3,                           $V$ Bus 3
    43,                   v Bus 4,                           $V$ Bus 4
    44,                   v Bus 5,                           $V$ Bus 5
    45,                   v Bus 6,                           $V$ Bus 6
    46,                   v Bus 7,                           $V$ Bus 7
    47,                   v Bus 8,                           $V$ Bus 8
    48,                   v Bus 9,                           $V$ Bus 9
    49,                  v Bus 10,                          $V$ Bus 10
    50,                  v Bus 11,                          $V$ Bus 11
    51,                  v Bus 12,                          $V$ Bus 12
    52,                  v Bus 13,                          $V$ Bus 13
    53,                    q PV 2,                            $q$ PV 2
    54,                    q PV 3,                            $q$ PV 3
    55,                    q PV 4,                            $q$ PV 4
    56,                    q PV 5,                            $q$ PV 5
    57,                    q PV 6,                            $q$ PV 6
    58,                    q PV 7,                            $q$ PV 7
    59,                    q PV 8,                            $q$ PV 8
    60,                    q PV 9,                            $q$ PV 9
    61,                   q PV 10,                           $q$ PV 10
    62,                   q PV 11,                           $q$ PV 11
    63,                   q PV 12,                           $q$ PV 12
    64,                   q PV 13,                           $q$ PV 13
    65,                 q Slack 1,                         $q$ Slack 1
    66,                 p Slack 1,                         $p$ Slack 1
    67,               Id GENCLS 1,                      $I_d$ GENCLS 1
    68,               Id GENCLS 2,                      $I_d$ GENCLS 2
    69,               Id GENCLS 3,                      $I_d$ GENCLS 3
    70,               Id GENCLS 4,                      $I_d$ GENCLS 4
    71,               Id GENCLS 5,                      $I_d$ GENCLS 5
    72,               Id GENCLS 6,                      $I_d$ GENCLS 6
    73,               Id GENCLS 7,                      $I_d$ GENCLS 7
    74,               Id GENCLS 8,                      $I_d$ GENCLS 8
    75,               Id GENCLS 9,                      $I_d$ GENCLS 9
    76,              Id GENCLS 10,                     $I_d$ GENCLS 10
    77,              Id GENCLS 11,                     $I_d$ GENCLS 11
    78,              Id GENCLS 12,                     $I_d$ GENCLS 12
    79,              Id GENCLS 13,                     $I_d$ GENCLS 13
    80,               Iq GENCLS 1,                      $I_q$ GENCLS 1
    81,               Iq GENCLS 2,                      $I_q$ GENCLS 2
    82,               Iq GENCLS 3,                      $I_q$ GENCLS 3
    83,               Iq GENCLS 4,                      $I_q$ GENCLS 4
    84,               Iq GENCLS 5,                      $I_q$ GENCLS 5
    85,               Iq GENCLS 6,                      $I_q$ GENCLS 6
    86,               Iq GENCLS 7,                      $I_q$ GENCLS 7
    87,               Iq GENCLS 8,                      $I_q$ GENCLS 8
    88,               Iq GENCLS 9,                      $I_q$ GENCLS 9
    89,              Iq GENCLS 10,                     $I_q$ GENCLS 10
    90,              Iq GENCLS 11,                     $I_q$ GENCLS 11
    91,              Iq GENCLS 12,                     $I_q$ GENCLS 12
    92,              Iq GENCLS 13,                     $I_q$ GENCLS 13
    93,               vd GENCLS 1,                      $V_d$ GENCLS 1
    94,               vd GENCLS 2,                      $V_d$ GENCLS 2
    95,               vd GENCLS 3,                      $V_d$ GENCLS 3
    96,               vd GENCLS 4,                      $V_d$ GENCLS 4
    97,               vd GENCLS 5,                      $V_d$ GENCLS 5
    98,               vd GENCLS 6,                      $V_d$ GENCLS 6
    99,               vd GENCLS 7,                      $V_d$ GENCLS 7
   100,               vd GENCLS 8,                      $V_d$ GENCLS 8
   101,               vd GENCLS 9,                      $V_d$ GENCLS 9
   102,              vd GENCLS 10,                     $V_d$ GENCLS 10
   103,              vd GENCLS 11,                     $V_d$ GENCLS 11
   104,              vd GENCLS 12,                     $V_d$ GENCLS 12
   105,              vd GENCLS 13,                     $V_d$ GENCLS 13
   106,               vq GENCLS 1,                      $V_q$ GENCLS 1
   107,               vq GENCLS 2,                      $V_q$ GENCLS 2
   108,               vq GENCLS 3,                      $V_q$ GENCLS 3
   109,               vq GENCLS 4,                      $V_q$ GENCLS 4
   110,               vq GENCLS 5,                      $V_q$ GENCLS 5
   111,               vq GENCLS 6,                      $V_q$ GENCLS 6
   112,               vq GENCLS 7,                      $V_q$ GENCLS 7
   113,               vq GENCLS 8,                      $V_q$ GENCLS 8
   114,               vq GENCLS 9,                      $V_q$ GENCLS 9
   115,              vq GENCLS 10,                     $V_q$ GENCLS 10
   116,              vq GENCLS 11,                     $V_q$ GENCLS 11
   117,              vq GENCLS 12,                     $V_q$ GENCLS 12
   118,              vq GENCLS 13,                     $V_q$ GENCLS 13
   119,               tm GENCLS 1,                   $\tau_m$ GENCLS 1
   120,               tm GENCLS 2,                   $\tau_m$ GENCLS 2
   121,               tm GENCLS 3,                   $\tau_m$ GENCLS 3
   122,               tm GENCLS 4,                   $\tau_m$ GENCLS 4
   123,               tm GENCLS 5,                   $\tau_m$ GENCLS 5
   124,               tm GENCLS 6,                   $\tau_m$ GENCLS 6
   125,               tm GENCLS 7,                   $\tau_m$ GENCLS 7
   126,               tm GENCLS 8,                   $\tau_m$ GENCLS 8
   127,               tm GENCLS 9,                   $\tau_m$ GENCLS 9
   128,              tm GENCLS 10,                  $\tau_m$ GENCLS 10
   129,              tm GENCLS 11,                  $\tau_m$ GENCLS 11
   130,              tm GENCLS 12,                  $\tau_m$ GENCLS 12
   131,              tm GENCLS 13,                  $\tau_m$ GENCLS 13
   132,               te GENCLS 1,                   $\tau_e$ GENCLS 1
   133,               te GENCLS 2,                   $\tau_e$ GENCLS 2
   134,               te GENCLS 3,                   $\tau_e$ GENCLS 3
   135,               te GENCLS 4,                   $\tau_e$ GENCLS 4
   136,               te GENCLS 5,                   $\tau_e$ GENCLS 5
   137,               te GENCLS 6,                   $\tau_e$ GENCLS 6
   138,               te GENCLS 7,                   $\tau_e$ GENCLS 7
   139,               te GENCLS 8,                   $\tau_e$ GENCLS 8
   140,               te GENCLS 9,                   $\tau_e$ GENCLS 9
   141,              te GENCLS 10,                  $\tau_e$ GENCLS 10
   142,              te GENCLS 11,                  $\tau_e$ GENCLS 11
   143,              te GENCLS 12,                  $\tau_e$ GENCLS 12
   144,              te GENCLS 13,                  $\tau_e$ GENCLS 13
   145,               vf GENCLS 1,                      $v_f$ GENCLS 1
   146,               vf GENCLS 2,                      $v_f$ GENCLS 2
   147,               vf GENCLS 3,                      $v_f$ GENCLS 3
   148,               vf GENCLS 4,                      $v_f$ GENCLS 4
   149,               vf GENCLS 5,                      $v_f$ GENCLS 5
   150,               vf GENCLS 6,                      $v_f$ GENCLS 6
   151,               vf GENCLS 7,                      $v_f$ GENCLS 7
   152,               vf GENCLS 8,                      $v_f$ GENCLS 8
   153,               vf GENCLS 9,                      $v_f$ GENCLS 9
   154,              vf GENCLS 10,                     $v_f$ GENCLS 10
   155,              vf GENCLS 11,                     $v_f$ GENCLS 11
   156,              vf GENCLS 12,                     $v_f$ GENCLS 12
   157,              vf GENCLS 13,                     $v_f$ GENCLS 13
   158,           XadIfd GENCLS 1,             $X_{ad}I_{fd}$ GENCLS 1
   159,           XadIfd GENCLS 2,             $X_{ad}I_{fd}$ GENCLS 2
   160,           XadIfd GENCLS 3,             $X_{ad}I_{fd}$ GENCLS 3
   161,           XadIfd GENCLS 4,             $X_{ad}I_{fd}$ GENCLS 4
   162,           XadIfd GENCLS 5,             $X_{ad}I_{fd}$ GENCLS 5
   163,           XadIfd GENCLS 6,             $X_{ad}I_{fd}$ GENCLS 6
   164,           XadIfd GENCLS 7,             $X_{ad}I_{fd}$ GENCLS 7
   165,           XadIfd GENCLS 8,             $X_{ad}I_{fd}$ GENCLS 8
   166,           XadIfd GENCLS 9,             $X_{ad}I_{fd}$ GENCLS 9
   167,          XadIfd GENCLS 10,            $X_{ad}I_{fd}$ GENCLS 10
   168,          XadIfd GENCLS 11,            $X_{ad}I_{fd}$ GENCLS 11
   169,          XadIfd GENCLS 12,            $X_{ad}I_{fd}$ GENCLS 12
   170,          XadIfd GENCLS 13,            $X_{ad}I_{fd}$ GENCLS 13
   171,               Pe GENCLS 1,                      $P_e$ GENCLS 1
   172,               Pe GENCLS 2,                      $P_e$ GENCLS 2
   173,               Pe GENCLS 3,                      $P_e$ GENCLS 3
   174,               Pe GENCLS 4,                      $P_e$ GENCLS 4
   175,               Pe GENCLS 5,                      $P_e$ GENCLS 5
   176,               Pe GENCLS 6,                      $P_e$ GENCLS 6
   177,               Pe GENCLS 7,                      $P_e$ GENCLS 7
   178,               Pe GENCLS 8,                      $P_e$ GENCLS 8
   179,               Pe GENCLS 9,                      $P_e$ GENCLS 9
   180,              Pe GENCLS 10,                     $P_e$ GENCLS 10
   181,              Pe GENCLS 11,                     $P_e$ GENCLS 11
   182,              Pe GENCLS 12,                     $P_e$ GENCLS 12
   183,              Pe GENCLS 13,                     $P_e$ GENCLS 13
   184,               Qe GENCLS 1,                      $Q_e$ GENCLS 1
   185,               Qe GENCLS 2,                      $Q_e$ GENCLS 2
   186,               Qe GENCLS 3,                      $Q_e$ GENCLS 3
   187,               Qe GENCLS 4,                      $Q_e$ GENCLS 4
   188,               Qe GENCLS 5,                      $Q_e$ GENCLS 5
   189,               Qe GENCLS 6,                      $Q_e$ GENCLS 6
   190,               Qe GENCLS 7,                      $Q_e$ GENCLS 7
   191,               Qe GENCLS 8,                      $Q_e$ GENCLS 8
   192,               Qe GENCLS 9,                      $Q_e$ GENCLS 9
   193,              Qe GENCLS 10,                     $Q_e$ GENCLS 10
   194,              Qe GENCLS 11,                     $Q_e$ GENCLS 11
   195,              Qe GENCLS 12,                     $Q_e$ GENCLS 12
   196,              Qe GENCLS 13,                     $Q_e$ GENCLS 13
   197,             psid GENCLS 1,                   $\psi_d$ GENCLS 1
   198,             psid GENCLS 2,                   $\psi_d$ GENCLS 2
   199,             psid GENCLS 3,                   $\psi_d$ GENCLS 3
   200,             psid GENCLS 4,                   $\psi_d$ GENCLS 4
   201,             psid GENCLS 5,                   $\psi_d$ GENCLS 5
   202,             psid GENCLS 6,                   $\psi_d$ GENCLS 6
   203,             psid GENCLS 7,                   $\psi_d$ GENCLS 7
   204,             psid GENCLS 8,                   $\psi_d$ GENCLS 8
   205,             psid GENCLS 9,                   $\psi_d$ GENCLS 9
   206,            psid GENCLS 10,                  $\psi_d$ GENCLS 10
   207,            psid GENCLS 11,                  $\psi_d$ GENCLS 11
   208,            psid GENCLS 12,                  $\psi_d$ GENCLS 12
   209,            psid GENCLS 13,                  $\psi_d$ GENCLS 13
   210,             psiq GENCLS 1,                   $\psi_q$ GENCLS 1
   211,             psiq GENCLS 2,                   $\psi_q$ GENCLS 2
   212,             psiq GENCLS 3,                   $\psi_q$ GENCLS 3
   213,             psiq GENCLS 4,                   $\psi_q$ GENCLS 4
   214,             psiq GENCLS 5,                   $\psi_q$ GENCLS 5
   215,             psiq GENCLS 6,                   $\psi_q$ GENCLS 6
   216,             psiq GENCLS 7,                   $\psi_q$ GENCLS 7
   217,             psiq GENCLS 8,                   $\psi_q$ GENCLS 8
   218,             psiq GENCLS 9,                   $\psi_q$ GENCLS 9
   219,            psiq GENCLS 10,                  $\psi_q$ GENCLS 10
   220,            psiq GENCLS 11,                  $\psi_q$ GENCLS 11
   221,            psiq GENCLS 12,                  $\psi_q$ GENCLS 12
   222,            psiq GENCLS 13,                  $\psi_q$ GENCLS 13
