     0,                  Time [s],                            Time [s]
     1,            delta GENCLS 1,                   $\delta$ GENCLS 1
     2,            delta GENCLS 2,                   $\delta$ GENCLS 2
     3,            delta GENCLS 3,                   $\delta$ GENCLS 3
     4,            delta GENCLS 4,                   $\delta$ GENCLS 4
     5,            delta GENCLS 5,                   $\delta$ GENCLS 5
     6,            delta GENCLS 6,                   $\delta$ GENCLS 6
     7,            delta GENCLS 7,                   $\delta$ GENCLS 7
     8,            delta GENCLS 8,                   $\delta$ GENCLS 8
     9,            delta GENCLS 9,                   $\delta$ GENCLS 9
    10,           delta GENCLS 10,                  $\delta$ GENCLS 10
    11,           delta GENCLS 11,                  $\delta$ GENCLS 11
    12,           delta GENCLS 12,                  $\delta$ GENCLS 12
    13,           delta GENCLS 13,                  $\delta$ GENCLS 13
    14,           delta GENCLS 14,                  $\delta$ GENCLS 14
    15,           delta GENCLS 15,                  $\delta$ GENCLS 15
    16,           delta GENCLS 16,                  $\delta$ GENCLS 16
    17,           delta GENCLS 17,                  $\delta$ GENCLS 17
    18,           delta GENCLS 18,                  $\delta$ GENCLS 18
    19,           delta GENCLS 19,                  $\delta$ GENCLS 19
    20,           delta GENCLS 20,                  $\delta$ GENCLS 20
    21,           delta GENCLS 21,                  $\delta$ GENCLS 21
    22,           delta GENCLS 22,                  $\delta$ GENCLS 22
    23,           delta GENCLS 23,                  $\delta$ GENCLS 23
    24,           delta GENCLS 24,                  $\delta$ GENCLS 24
    25,           delta GENCLS 25,                  $\delta$ GENCLS 25
    26,           delta GENCLS 26,                  $\delta$ GENCLS 26
    27,           delta GENCLS 27,                  $\delta$ GENCLS 27
    28,           delta GENCLS 28,                  $\delta$ GENCLS 28
    29,           delta GENCLS 29,                  $\delta$ GENCLS 29
    30,           delta GENCLS 30,                  $\delta$ GENCLS 30
    31,           delta GENCLS 31,                  $\delta$ GENCLS 31
    32,           delta GENCLS 32,                  $\delta$ GENCLS 32
    33,           delta GENCLS 33,                  $\delta$ GENCLS 33
    34,           delta GENCLS 34,                  $\delta$ GENCLS 34
    35,            omega GENCLS 1,                   $\omega$ GENCLS 1
    36,            omega GENCLS 2,                   $\omega$ GENCLS 2
    37,            omega GENCLS 3,                   $\omega$ GENCLS 3
    38,            omega GENCLS 4,                   $\omega$ GENCLS 4
    39,            omega GENCLS 5,                   $\omega$ GENCLS 5
    40,            omega GENCLS 6,                   $\omega$ GENCLS 6
    41,            omega GENCLS 7,                   $\omega$ GENCLS 7
    42,            omega GENCLS 8,                   $\omega$ GENCLS 8
    43,            omega GENCLS 9,                   $\omega$ GENCLS 9
    44,           omega GENCLS 10,                  $\omega$ GENCLS 10
    45,           omega GENCLS 11,                  $\omega$ GENCLS 11
    46,           omega GENCLS 12,                  $\omega$ GENCLS 12
    47,           omega GENCLS 13,                  $\omega$ GENCLS 13
    48,           omega GENCLS 14,                  $\omega$ GENCLS 14
    49,           omega GENCLS 15,                  $\omega$ GENCLS 15
    50,           omega GENCLS 16,                  $\omega$ GENCLS 16
    51,           omega GENCLS 17,                  $\omega$ GENCLS 17
    52,           omega GENCLS 18,                  $\omega$ GENCLS 18
    53,           omega GENCLS 19,                  $\omega$ GENCLS 19
    54,           omega GENCLS 20,                  $\omega$ GENCLS 20
    55,           omega GENCLS 21,                  $\omega$ GENCLS 21
    56,           omega GENCLS 22,                  $\omega$ GENCLS 22
    57,           omega GENCLS 23,                  $\omega$ GENCLS 23
    58,           omega GENCLS 24,                  $\omega$ GENCLS 24
    59,           omega GENCLS 25,                  $\omega$ GENCLS 25
    60,           omega GENCLS 26,                  $\omega$ GENCLS 26
    61,           omega GENCLS 27,                  $\omega$ GENCLS 27
    62,           omega GENCLS 28,                  $\omega$ GENCLS 28
    63,           omega GENCLS 29,                  $\omega$ GENCLS 29
    64,           omega GENCLS 30,                  $\omega$ GENCLS 30
    65,           omega GENCLS 31,                  $\omega$ GENCLS 31
    66,           omega GENCLS 32,                  $\omega$ GENCLS 32
    67,           omega GENCLS 33,                  $\omega$ GENCLS 33
    68,           omega GENCLS 34,                  $\omega$ GENCLS 34
    69,                   a Bus 1,                      $\theta$ Bus 1
    70,                   a Bus 2,                      $\theta$ Bus 2
    71,                   a Bus 3,                      $\theta$ Bus 3
    72,                   a Bus 4,                      $\theta$ Bus 4
    73,                   a Bus 5,                      $\theta$ Bus 5
    74,                   a Bus 6,                      $\theta$ Bus 6
    75,                   a Bus 7,                      $\theta$ Bus 7
    76,                   a Bus 8,                      $\theta$ Bus 8
    77,                   a Bus 9,                      $\theta$ Bus 9
    78,                  a Bus 10,                     $\theta$ Bus 10
    79,                  a Bus 11,                     $\theta$ Bus 11
    80,                  a Bus 12,                     $\theta$ Bus 12
    81,                  a Bus 13,                     $\theta$ Bus 13
    82,                  a Bus 14,                     $\theta$ Bus 14
    83,                  a Bus 15,                     $\theta$ Bus 15
    84,                  a Bus 16,                     $\theta$ Bus 16
    85,                  a Bus 17,                     $\theta$ Bus 17
    86,                  a Bus 18,                     $\theta$ Bus 18
    87,                  a Bus 19,                     $\theta$ Bus 19
    88,                  a Bus 20,                     $\theta$ Bus 20
    89,                  a Bus 21,                     $\theta$ Bus 21
    90,                  a Bus 22,                     $\theta$ Bus 22
    91,                  a Bus 23,                     $\theta$ Bus 23
    92,                  a Bus 24,                     $\theta$ Bus 24
    93,                  a Bus 25,                     $\theta$ Bus 25
    94,                  a Bus 26,                     $\theta$ Bus 26
    95,                  a Bus 27,                     $\theta$ Bus 27
    96,                  a Bus 28,                     $\theta$ Bus 28
    97,                  a Bus 29,                     $\theta$ Bus 29
    98,                  a Bus 30,                     $\theta$ Bus 30
    99,                  a Bus 31,                     $\theta$ Bus 31
   100,                  a Bus 32,                     $\theta$ Bus 32
   101,                  a Bus 33,                     $\theta$ Bus 33
   102,                  a Bus 34,                     $\theta$ Bus 34
   103,                   v Bus 1,                           $V$ Bus 1
   104,                   v Bus 2,                           $V$ Bus 2
   105,                   v Bus 3,                           $V$ Bus 3
   106,                   v Bus 4,                           $V$ Bus 4
   107,                   v Bus 5,                           $V$ Bus 5
   108,                   v Bus 6,                           $V$ Bus 6
   109,                   v Bus 7,                           $V$ Bus 7
   110,                   v Bus 8,                           $V$ Bus 8
   111,                   v Bus 9,                           $V$ Bus 9
   112,                  v Bus 10,                          $V$ Bus 10
   113,                  v Bus 11,                          $V$ Bus 11
   114,                  v Bus 12,                          $V$ Bus 12
   115,                  v Bus 13,                          $V$ Bus 13
   116,                  v Bus 14,                          $V$ Bus 14
   117,                  v Bus 15,                          $V$ Bus 15
   118,                  v Bus 16,                          $V$ Bus 16
   119,                  v Bus 17,                          $V$ Bus 17
   120,                  v Bus 18,                          $V$ Bus 18
   121,                  v Bus 19,                          $V$ Bus 19
   122,                  v Bus 20,                          $V$ Bus 20
   123,                  v Bus 21,                          $V$ Bus 21
   124,                  v Bus 22,                          $V$ Bus 22
   125,                  v Bus 23,                          $V$ Bus 23
   126,                  v Bus 24,                          $V$ Bus 24
   127,                  v Bus 25,                          $V$ Bus 25
   128,                  v Bus 26,                          $V$ Bus 26
   129,                  v Bus 27,                          $V$ Bus 27
   130,                  v Bus 28,                          $V$ Bus 28
   131,                  v Bus 29,                          $V$ Bus 29
   132,                  v Bus 30,                          $V$ Bus 30
   133,                  v Bus 31,                          $V$ Bus 31
   134,                  v Bus 32,                          $V$ Bus 32
   135,                  v Bus 33,                          $V$ Bus 33
   136,                  v Bus 34,                          $V$ Bus 34
   137,                    q PV 2,                            $q$ PV 2
   138,                    q PV 3,                            $q$ PV 3
   139,                    q PV 4,                            $q$ PV 4
   140,                    q PV 5,                            $q$ PV 5
   141,                    q PV 6,                            $q$ PV 6
   142,                    q PV 7,                            $q$ PV 7
   143,                    q PV 8,                            $q$ PV 8
   144,                    q PV 9,                            $q$ PV 9
   145,                   q PV 10,                           $q$ PV 10
   146,                   q PV 11,                           $q$ PV 11
   147,                   q PV 12,                           $q$ PV 12
   148,                   q PV 13,                           $q$ PV 13
   149,                   q PV 14,                           $q$ PV 14
   150,                   q PV 15,                           $q$ PV 15
   151,                   q PV 16,                           $q$ PV 16
   152,                   q PV 17,                           $q$ PV 17
   153,                   q PV 18,                           $q$ PV 18
   154,                   q PV 19,                           $q$ PV 19
   155,                   q PV 20,                           $q$ PV 20
   156,                   q PV 21,                           $q$ PV 21
   157,                   q PV 22,                           $q$ PV 22
   158,                   q PV 23,                           $q$ PV 23
   159,                   q PV 24,                           $q$ PV 24
   160,                   q PV 25,                           $q$ PV 25
   161,                   q PV 26,                           $q$ PV 26
   162,                   q PV 27,                           $q$ PV 27
   163,                   q PV 28,                           $q$ PV 28
   164,                   q PV 29,                           $q$ PV 29
   165,                   q PV 30,                           $q$ PV 30
   166,                   q PV 31,                           $q$ PV 31
   167,                   q PV 32,                           $q$ PV 32
   168,                   q PV 33,                           $q$ PV 33
   169,                   q PV 34,                           $q$ PV 34
   170,                 q Slack 1,                         $q$ Slack 1
   171,                 p Slack 1,                         $p$ Slack 1
   172,               Id GENCLS 1,                      $I_d$ GENCLS 1
   173,               Id GENCLS 2,                      $I_d$ GENCLS 2
   174,               Id GENCLS 3,                      $I_d$ GENCLS 3
   175,               Id GENCLS 4,                      $I_d$ GENCLS 4
   176,               Id GENCLS 5,                      $I_d$ GENCLS 5
   177,               Id GENCLS 6,                      $I_d$ GENCLS 6
   178,               Id GENCLS 7,                      $I_d$ GENCLS 7
   179,               Id GENCLS 8,                      $I_d$ GENCLS 8
   180,               Id GENCLS 9,                      $I_d$ GENCLS 9
   181,              Id GENCLS 10,                     $I_d$ GENCLS 10
   182,              Id GENCLS 11,                     $I_d$ GENCLS 11
   183,              Id GENCLS 12,                     $I_d$ GENCLS 12
   184,              Id GENCLS 13,                     $I_d$ GENCLS 13
   185,              Id GENCLS 14,                     $I_d$ GENCLS 14
   186,              Id GENCLS 15,                     $I_d$ GENCLS 15
   187,              Id GENCLS 16,                     $I_d$ GENCLS 16
   188,              Id GENCLS 17,                     $I_d$ GENCLS 17
   189,              Id GENCLS 18,                     $I_d$ GENCLS 18
   190,              Id GENCLS 19,                     $I_d$ GENCLS 19
   191,              Id GENCLS 20,                     $I_d$ GENCLS 20
   192,              Id GENCLS 21,                     $I_d$ GENCLS 21
   193,              Id GENCLS 22,                     $I_d$ GENCLS 22
   194,              Id GENCLS 23,                     $I_d$ GENCLS 23
   195,              Id GENCLS 24,                     $I_d$ GENCLS 24
   196,              Id GENCLS 25,                     $I_d$ GENCLS 25
   197,              Id GENCLS 26,                     $I_d$ GENCLS 26
   198,              Id GENCLS 27,                     $I_d$ GENCLS 27
   199,              Id GENCLS 28,                     $I_d$ GENCLS 28
   200,              Id GENCLS 29,                     $I_d$ GENCLS 29
   201,              Id GENCLS 30,                     $I_d$ GENCLS 30
   202,              Id GENCLS 31,                     $I_d$ GENCLS 31
   203,              Id GENCLS 32,                     $I_d$ GENCLS 32
   204,              Id GENCLS 33,                     $I_d$ GENCLS 33
   205,              Id GENCLS 34,                     $I_d$ GENCLS 34
   206,               Iq GENCLS 1,                      $I_q$ GENCLS 1
   207,               Iq GENCLS 2,                      $I_q$ GENCLS 2
   208,               Iq GENCLS 3,                      $I_q$ GENCLS 3
   209,               Iq GENCLS 4,                      $I_q$ GENCLS 4
   210,               Iq GENCLS 5,                      $I_q$ GENCLS 5
   211,               Iq GENCLS 6,                      $I_q$ GENCLS 6
   212,               Iq GENCLS 7,                      $I_q$ GENCLS 7
   213,               Iq GENCLS 8,                      $I_q$ GENCLS 8
   214,               Iq GENCLS 9,                      $I_q$ GENCLS 9
   215,              Iq GENCLS 10,                     $I_q$ GENCLS 10
   216,              Iq GENCLS 11,                     $I_q$ GENCLS 11
   217,              Iq GENCLS 12,                     $I_q$ GENCLS 12
   218,              Iq GENCLS 13,                     $I_q$ GENCLS 13
   219,              Iq GENCLS 14,                     $I_q$ GENCLS 14
   220,              Iq GENCLS 15,                     $I_q$ GENCLS 15
   221,              Iq GENCLS 16,                     $I_q$ GENCLS 16
   222,              Iq GENCLS 17,                     $I_q$ GENCLS 17
   223,              Iq GENCLS 18,                     $I_q$ GENCLS 18
   224,              Iq GENCLS 19,                     $I_q$ GENCLS 19
   225,              Iq GENCLS 20,                     $I_q$ GENCLS 20
   226,              Iq GENCLS 21,                     $I_q$ GENCLS 21
   227,              Iq GENCLS 22,                     $I_q$ GENCLS 22
   228,              Iq GENCLS 23,                     $I_q$ GENCLS 23
   229,              Iq GENCLS 24,                     $I_q$ GENCLS 24
   230,              Iq GENCLS 25,                     $I_q$ GENCLS 25
   231,              Iq GENCLS 26,                     $I_q$ GENCLS 26
   232,              Iq GENCLS 27,                     $I_q$ GENCLS 27
   233,              Iq GENCLS 28,                     $I_q$ GENCLS 28
   234,              Iq GENCLS 29,                     $I_q$ GENCLS 29
   235,              Iq GENCLS 30,                     $I_q$ GENCLS 30
   236,              Iq GENCLS 31,                     $I_q$ GENCLS 31
   237,              Iq GENCLS 32,                     $I_q$ GENCLS 32
   238,              Iq GENCLS 33,                     $I_q$ GENCLS 33
   239,              Iq GENCLS 34,                     $I_q$ GENCLS 34
   240,               vd GENCLS 1,                      $V_d$ GENCLS 1
   241,               vd GENCLS 2,                      $V_d$ GENCLS 2
   242,               vd GENCLS 3,                      $V_d$ GENCLS 3
   243,               vd GENCLS 4,                      $V_d$ GENCLS 4
   244,               vd GENCLS 5,                      $V_d$ GENCLS 5
   245,               vd GENCLS 6,                      $V_d$ GENCLS 6
   246,               vd GENCLS 7,                      $V_d$ GENCLS 7
   247,               vd GENCLS 8,                      $V_d$ GENCLS 8
   248,               vd GENCLS 9,                      $V_d$ GENCLS 9
   249,              vd GENCLS 10,                     $V_d$ GENCLS 10
   250,              vd GENCLS 11,                     $V_d$ GENCLS 11
   251,              vd GENCLS 12,                     $V_d$ GENCLS 12
   252,              vd GENCLS 13,                     $V_d$ GENCLS 13
   253,              vd GENCLS 14,                     $V_d$ GENCLS 14
   254,              vd GENCLS 15,                     $V_d$ GENCLS 15
   255,              vd GENCLS 16,                     $V_d$ GENCLS 16
   256,              vd GENCLS 17,                     $V_d$ GENCLS 17
   257,              vd GENCLS 18,                     $V_d$ GENCLS 18
   258,              vd GENCLS 19,                     $V_d$ GENCLS 19
   259,              vd GENCLS 20,                     $V_d$ GENCLS 20
   260,              vd GENCLS 21,                     $V_d$ GENCLS 21
   261,              vd GENCLS 22,                     $V_d$ GENCLS 22
   262,              vd GENCLS 23,                     $V_d$ GENCLS 23
   263,              vd GENCLS 24,                     $V_d$ GENCLS 24
   264,              vd GENCLS 25,                     $V_d$ GENCLS 25
   265,              vd GENCLS 26,                     $V_d$ GENCLS 26
   266,              vd GENCLS 27,                     $V_d$ GENCLS 27
   267,              vd GENCLS 28,                     $V_d$ GENCLS 28
   268,              vd GENCLS 29,                     $V_d$ GENCLS 29
   269,              vd GENCLS 30,                     $V_d$ GENCLS 30
   270,              vd GENCLS 31,                     $V_d$ GENCLS 31
   271,              vd GENCLS 32,                     $V_d$ GENCLS 32
   272,              vd GENCLS 33,                     $V_d$ GENCLS 33
   273,              vd GENCLS 34,                     $V_d$ GENCLS 34
   274,               vq GENCLS 1,                      $V_q$ GENCLS 1
   275,               vq GENCLS 2,                      $V_q$ GENCLS 2
   276,               vq GENCLS 3,                      $V_q$ GENCLS 3
   277,               vq GENCLS 4,                      $V_q$ GENCLS 4
   278,               vq GENCLS 5,                      $V_q$ GENCLS 5
   279,               vq GENCLS 6,                      $V_q$ GENCLS 6
   280,               vq GENCLS 7,                      $V_q$ GENCLS 7
   281,               vq GENCLS 8,                      $V_q$ GENCLS 8
   282,               vq GENCLS 9,                      $V_q$ GENCLS 9
   283,              vq GENCLS 10,                     $V_q$ GENCLS 10
   284,              vq GENCLS 11,                     $V_q$ GENCLS 11
   285,              vq GENCLS 12,                     $V_q$ GENCLS 12
   286,              vq GENCLS 13,                     $V_q$ GENCLS 13
   287,              vq GENCLS 14,                     $V_q$ GENCLS 14
   288,              vq GENCLS 15,                     $V_q$ GENCLS 15
   289,              vq GENCLS 16,                     $V_q$ GENCLS 16
   290,              vq GENCLS 17,                     $V_q$ GENCLS 17
   291,              vq GENCLS 18,                     $V_q$ GENCLS 18
   292,              vq GENCLS 19,                     $V_q$ GENCLS 19
   293,              vq GENCLS 20,                     $V_q$ GENCLS 20
   294,              vq GENCLS 21,                     $V_q$ GENCLS 21
   295,              vq GENCLS 22,                     $V_q$ GENCLS 22
   296,              vq GENCLS 23,                     $V_q$ GENCLS 23
   297,              vq GENCLS 24,                     $V_q$ GENCLS 24
   298,              vq GENCLS 25,                     $V_q$ GENCLS 25
   299,              vq GENCLS 26,                     $V_q$ GENCLS 26
   300,              vq GENCLS 27,                     $V_q$ GENCLS 27
   301,              vq GENCLS 28,                     $V_q$ GENCLS 28
   302,              vq GENCLS 29,                     $V_q$ GENCLS 29
   303,              vq GENCLS 30,                     $V_q$ GENCLS 30
   304,              vq GENCLS 31,                     $V_q$ GENCLS 31
   305,              vq GENCLS 32,                     $V_q$ GENCLS 32
   306,              vq GENCLS 33,                     $V_q$ GENCLS 33
   307,              vq GENCLS 34,                     $V_q$ GENCLS 34
   308,               tm GENCLS 1,                   $\tau_m$ GENCLS 1
   309,               tm GENCLS 2,                   $\tau_m$ GENCLS 2
   310,               tm GENCLS 3,                   $\tau_m$ GENCLS 3
   311,               tm GENCLS 4,                   $\tau_m$ GENCLS 4
   312,               tm GENCLS 5,                   $\tau_m$ GENCLS 5
   313,               tm GENCLS 6,                   $\tau_m$ GENCLS 6
   314,               tm GENCLS 7,                   $\tau_m$ GENCLS 7
   315,               tm GENCLS 8,                   $\tau_m$ GENCLS 8
   316,               tm GENCLS 9,                   $\tau_m$ GENCLS 9
   317,              tm GENCLS 10,                  $\tau_m$ GENCLS 10
   318,              tm GENCLS 11,                  $\tau_m$ GENCLS 11
   319,              tm GENCLS 12,                  $\tau_m$ GENCLS 12
   320,              tm GENCLS 13,                  $\tau_m$ GENCLS 13
   321,              tm GENCLS 14,                  $\tau_m$ GENCLS 14
   322,              tm GENCLS 15,                  $\tau_m$ GENCLS 15
   323,              tm GENCLS 16,                  $\tau_m$ GENCLS 16
   324,              tm GENCLS 17,                  $\tau_m$ GENCLS 17
   325,              tm GENCLS 18,                  $\tau_m$ GENCLS 18
   326,              tm GENCLS 19,                  $\tau_m$ GENCLS 19
   327,              tm GENCLS 20,                  $\tau_m$ GENCLS 20
   328,              tm GENCLS 21,                  $\tau_m$ GENCLS 21
   329,              tm GENCLS 22,                  $\tau_m$ GENCLS 22
   330,              tm GENCLS 23,                  $\tau_m$ GENCLS 23
   331,              tm GENCLS 24,                  $\tau_m$ GENCLS 24
   332,              tm GENCLS 25,                  $\tau_m$ GENCLS 25
   333,              tm GENCLS 26,                  $\tau_m$ GENCLS 26
   334,              tm GENCLS 27,                  $\tau_m$ GENCLS 27
   335,              tm GENCLS 28,                  $\tau_m$ GENCLS 28
   336,              tm GENCLS 29,                  $\tau_m$ GENCLS 29
   337,              tm GENCLS 30,                  $\tau_m$ GENCLS 30
   338,              tm GENCLS 31,                  $\tau_m$ GENCLS 31
   339,              tm GENCLS 32,                  $\tau_m$ GENCLS 32
   340,              tm GENCLS 33,                  $\tau_m$ GENCLS 33
   341,              tm GENCLS 34,                  $\tau_m$ GENCLS 34
   342,               te GENCLS 1,                   $\tau_e$ GENCLS 1
   343,               te GENCLS 2,                   $\tau_e$ GENCLS 2
   344,               te GENCLS 3,                   $\tau_e$ GENCLS 3
   345,               te GENCLS 4,                   $\tau_e$ GENCLS 4
   346,               te GENCLS 5,                   $\tau_e$ GENCLS 5
   347,               te GENCLS 6,                   $\tau_e$ GENCLS 6
   348,               te GENCLS 7,                   $\tau_e$ GENCLS 7
   349,               te GENCLS 8,                   $\tau_e$ GENCLS 8
   350,               te GENCLS 9,                   $\tau_e$ GENCLS 9
   351,              te GENCLS 10,                  $\tau_e$ GENCLS 10
   352,              te GENCLS 11,                  $\tau_e$ GENCLS 11
   353,              te GENCLS 12,                  $\tau_e$ GENCLS 12
   354,              te GENCLS 13,                  $\tau_e$ GENCLS 13
   355,              te GENCLS 14,                  $\tau_e$ GENCLS 14
   356,              te GENCLS 15,                  $\tau_e$ GENCLS 15
   357,              te GENCLS 16,                  $\tau_e$ GENCLS 16
   358,              te GENCLS 17,                  $\tau_e$ GENCLS 17
   359,              te GENCLS 18,                  $\tau_e$ GENCLS 18
   360,              te GENCLS 19,                  $\tau_e$ GENCLS 19
   361,              te GENCLS 20,                  $\tau_e$ GENCLS 20
   362,              te GENCLS 21,                  $\tau_e$ GENCLS 21
   363,              te GENCLS 22,                  $\tau_e$ GENCLS 22
   364,              te GENCLS 23,                  $\tau_e$ GENCLS 23
   365,              te GENCLS 24,                  $\tau_e$ GENCLS 24
   366,              te GENCLS 25,                  $\tau_e$ GENCLS 25
   367,              te GENCLS 26,                  $\tau_e$ GENCLS 26
   368,              te GENCLS 27,                  $\tau_e$ GENCLS 27
   369,              te GENCLS 28,                  $\tau_e$ GENCLS 28
   370,              te GENCLS 29,                  $\tau_e$ GENCLS 29
   371,              te GENCLS 30,                  $\tau_e$ GENCLS 30
   372,              te GENCLS 31,                  $\tau_e$ GENCLS 31
   373,              te GENCLS 32,                  $\tau_e$ GENCLS 32
   374,              te GENCLS 33,                  $\tau_e$ GENCLS 33
   375,              te GENCLS 34,                  $\tau_e$ GENCLS 34
   376,               vf GENCLS 1,                      $v_f$ GENCLS 1
   377,               vf GENCLS 2,                      $v_f$ GENCLS 2
   378,               vf GENCLS 3,                      $v_f$ GENCLS 3
   379,               vf GENCLS 4,                      $v_f$ GENCLS 4
   380,               vf GENCLS 5,                      $v_f$ GENCLS 5
   381,               vf GENCLS 6,                      $v_f$ GENCLS 6
   382,               vf GENCLS 7,                      $v_f$ GENCLS 7
   383,               vf GENCLS 8,                      $v_f$ GENCLS 8
   384,               vf GENCLS 9,                      $v_f$ GENCLS 9
   385,              vf GENCLS 10,                     $v_f$ GENCLS 10
   386,              vf GENCLS 11,                     $v_f$ GENCLS 11
   387,              vf GENCLS 12,                     $v_f$ GENCLS 12
   388,              vf GENCLS 13,                     $v_f$ GENCLS 13
   389,              vf GENCLS 14,                     $v_f$ GENCLS 14
   390,              vf GENCLS 15,                     $v_f$ GENCLS 15
   391,              vf GENCLS 16,                     $v_f$ GENCLS 16
   392,              vf GENCLS 17,                     $v_f$ GENCLS 17
   393,              vf GENCLS 18,                     $v_f$ GENCLS 18
   394,              vf GENCLS 19,                     $v_f$ GENCLS 19
   395,              vf GENCLS 20,                     $v_f$ GENCLS 20
   396,              vf GENCLS 21,                     $v_f$ GENCLS 21
   397,              vf GENCLS 22,                     $v_f$ GENCLS 22
   398,              vf GENCLS 23,                     $v_f$ GENCLS 23
   399,              vf GENCLS 24,                     $v_f$ GENCLS 24
   400,              vf GENCLS 25,                     $v_f$ GENCLS 25
   401,              vf GENCLS 26,                     $v_f$ GENCLS 26
   402,              vf GENCLS 27,                     $v_f$ GENCLS 27
   403,              vf GENCLS 28,                     $v_f$ GENCLS 28
   404,              vf GENCLS 29,                     $v_f$ GENCLS 29
   405,              vf GENCLS 30,                     $v_f$ GENCLS 30
   406,              vf GENCLS 31,                     $v_f$ GENCLS 31
   407,              vf GENCLS 32,                     $v_f$ GENCLS 32
   408,              vf GENCLS 33,                     $v_f$ GENCLS 33
   409,              vf GENCLS 34,                     $v_f$ GENCLS 34
   410,           XadIfd GENCLS 1,             $X_{ad}I_{fd}$ GENCLS 1
   411,           XadIfd GENCLS 2,             $X_{ad}I_{fd}$ GENCLS 2
   412,           XadIfd GENCLS 3,             $X_{ad}I_{fd}$ GENCLS 3
   413,           XadIfd GENCLS 4,             $X_{ad}I_{fd}$ GENCLS 4
   414,           XadIfd GENCLS 5,             $X_{ad}I_{fd}$ GENCLS 5
   415,           XadIfd GENCLS 6,             $X_{ad}I_{fd}$ GENCLS 6
   416,           XadIfd GENCLS 7,             $X_{ad}I_{fd}$ GENCLS 7
   417,           XadIfd GENCLS 8,             $X_{ad}I_{fd}$ GENCLS 8
   418,           XadIfd GENCLS 9,             $X_{ad}I_{fd}$ GENCLS 9
   419,          XadIfd GENCLS 10,            $X_{ad}I_{fd}$ GENCLS 10
   420,          XadIfd GENCLS 11,            $X_{ad}I_{fd}$ GENCLS 11
   421,          XadIfd GENCLS 12,            $X_{ad}I_{fd}$ GENCLS 12
   422,          XadIfd GENCLS 13,            $X_{ad}I_{fd}$ GENCLS 13
   423,          XadIfd GENCLS 14,            $X_{ad}I_{fd}$ GENCLS 14
   424,          XadIfd GENCLS 15,            $X_{ad}I_{fd}$ GENCLS 15
   425,          XadIfd GENCLS 16,            $X_{ad}I_{fd}$ GENCLS 16
   426,          XadIfd GENCLS 17,            $X_{ad}I_{fd}$ GENCLS 17
   427,          XadIfd GENCLS 18,            $X_{ad}I_{fd}$ GENCLS 18
   428,          XadIfd GENCLS 19,            $X_{ad}I_{fd}$ GENCLS 19
   429,          XadIfd GENCLS 20,            $X_{ad}I_{fd}$ GENCLS 20
   430,          XadIfd GENCLS 21,            $X_{ad}I_{fd}$ GENCLS 21
   431,          XadIfd GENCLS 22,            $X_{ad}I_{fd}$ GENCLS 22
   432,          XadIfd GENCLS 23,            $X_{ad}I_{fd}$ GENCLS 23
   433,          XadIfd GENCLS 24,            $X_{ad}I_{fd}$ GENCLS 24
   434,          XadIfd GENCLS 25,            $X_{ad}I_{fd}$ GENCLS 25
   435,          XadIfd GENCLS 26,            $X_{ad}I_{fd}$ GENCLS 26
   436,          XadIfd GENCLS 27,            $X_{ad}I_{fd}$ GENCLS 27
   437,          XadIfd GENCLS 28,            $X_{ad}I_{fd}$ GENCLS 28
   438,          XadIfd GENCLS 29,            $X_{ad}I_{fd}$ GENCLS 29
   439,          XadIfd GENCLS 30,            $X_{ad}I_{fd}$ GENCLS 30
   440,          XadIfd GENCLS 31,            $X_{ad}I_{fd}$ GENCLS 31
   441,          XadIfd GENCLS 32,            $X_{ad}I_{fd}$ GENCLS 32
   442,          XadIfd GENCLS 33,            $X_{ad}I_{fd}$ GENCLS 33
   443,          XadIfd GENCLS 34,            $X_{ad}I_{fd}$ GENCLS 34
   444,               Pe GENCLS 1,                      $P_e$ GENCLS 1
   445,               Pe GENCLS 2,                      $P_e$ GENCLS 2
   446,               Pe GENCLS 3,                      $P_e$ GENCLS 3
   447,               Pe GENCLS 4,                      $P_e$ GENCLS 4
   448,               Pe GENCLS 5,                      $P_e$ GENCLS 5
   449,               Pe GENCLS 6,                      $P_e$ GENCLS 6
   450,               Pe GENCLS 7,                      $P_e$ GENCLS 7
   451,               Pe GENCLS 8,                      $P_e$ GENCLS 8
   452,               Pe GENCLS 9,                      $P_e$ GENCLS 9
   453,              Pe GENCLS 10,                     $P_e$ GENCLS 10
   454,              Pe GENCLS 11,                     $P_e$ GENCLS 11
   455,              Pe GENCLS 12,                     $P_e$ GENCLS 12
   456,              Pe GENCLS 13,                     $P_e$ GENCLS 13
   457,              Pe GENCLS 14,                     $P_e$ GENCLS 14
   458,              Pe GENCLS 15,                     $P_e$ GENCLS 15
   459,              Pe GENCLS 16,                     $P_e$ GENCLS 16
   460,              Pe GENCLS 17,                     $P_e$ GENCLS 17
   461,              Pe GENCLS 18,                     $P_e$ GENCLS 18
   462,              Pe GENCLS 19,                     $P_e$ GENCLS 19
   463,              Pe GENCLS 20,                     $P_e$ GENCLS 20
   464,              Pe GENCLS 21,                     $P_e$ GENCLS 21
   465,              Pe GENCLS 22,                     $P_e$ GENCLS 22
   466,              Pe GENCLS 23,                     $P_e$ GENCLS 23
   467,              Pe GENCLS 24,                     $P_e$ GENCLS 24
   468,              Pe GENCLS 25,                     $P_e$ GENCLS 25
   469,              Pe GENCLS 26,                     $P_e$ GENCLS 26
   470,              Pe GENCLS 27,                     $P_e$ GENCLS 27
   471,              Pe GENCLS 28,                     $P_e$ GENCLS 28
   472,              Pe GENCLS 29,                     $P_e$ GENCLS 29
   473,              Pe GENCLS 30,                     $P_e$ GENCLS 30
   474,              Pe GENCLS 31,                     $P_e$ GENCLS 31
   475,              Pe GENCLS 32,                     $P_e$ GENCLS 32
   476,              Pe GENCLS 33,                     $P_e$ GENCLS 33
   477,              Pe GENCLS 34,                     $P_e$ GENCLS 34
   478,               Qe GENCLS 1,                      $Q_e$ GENCLS 1
   479,               Qe GENCLS 2,                      $Q_e$ GENCLS 2
   480,               Qe GENCLS 3,                      $Q_e$ GENCLS 3
   481,               Qe GENCLS 4,                      $Q_e$ GENCLS 4
   482,               Qe GENCLS 5,                      $Q_e$ GENCLS 5
   483,               Qe GENCLS 6,                      $Q_e$ GENCLS 6
   484,               Qe GENCLS 7,                      $Q_e$ GENCLS 7
   485,               Qe GENCLS 8,                      $Q_e$ GENCLS 8
   486,               Qe GENCLS 9,                      $Q_e$ GENCLS 9
   487,              Qe GENCLS 10,                     $Q_e$ GENCLS 10
   488,              Qe GENCLS 11,                     $Q_e$ GENCLS 11
   489,              Qe GENCLS 12,                     $Q_e$ GENCLS 12
   490,              Qe GENCLS 13,                     $Q_e$ GENCLS 13
   491,              Qe GENCLS 14,                     $Q_e$ GENCLS 14
   492,              Qe GENCLS 15,                     $Q_e$ GENCLS 15
   493,              Qe GENCLS 16,                     $Q_e$ GENCLS 16
   494,              Qe GENCLS 17,                     $Q_e$ GENCLS 17
   495,              Qe GENCLS 18,                     $Q_e$ GENCLS 18
   496,              Qe GENCLS 19,                     $Q_e$ GENCLS 19
   497,              Qe GENCLS 20,                     $Q_e$ GENCLS 20
   498,              Qe GENCLS 21,                     $Q_e$ GENCLS 21
   499,              Qe GENCLS 22,                     $Q_e$ GENCLS 22
   500,              Qe GENCLS 23,                     $Q_e$ GENCLS 23
   501,              Qe GENCLS 24,                     $Q_e$ GENCLS 24
   502,              Qe GENCLS 25,                     $Q_e$ GENCLS 25
   503,              Qe GENCLS 26,                     $Q_e$ GENCLS 26
   504,              Qe GENCLS 27,                     $Q_e$ GENCLS 27
   505,              Qe GENCLS 28,                     $Q_e$ GENCLS 28
   506,              Qe GENCLS 29,                     $Q_e$ GENCLS 29
   507,              Qe GENCLS 30,                     $Q_e$ GENCLS 30
   508,              Qe GENCLS 31,                     $Q_e$ GENCLS 31
   509,              Qe GENCLS 32,                     $Q_e$ GENCLS 32
   510,              Qe GENCLS 33,                     $Q_e$ GENCLS 33
   511,              Qe GENCLS 34,                     $Q_e$ GENCLS 34
   512,             psid GENCLS 1,                   $\psi_d$ GENCLS 1
   513,             psid GENCLS 2,                   $\psi_d$ GENCLS 2
   514,             psid GENCLS 3,                   $\psi_d$ GENCLS 3
   515,             psid GENCLS 4,                   $\psi_d$ GENCLS 4
   516,             psid GENCLS 5,                   $\psi_d$ GENCLS 5
   517,             psid GENCLS 6,                   $\psi_d$ GENCLS 6
   518,             psid GENCLS 7,                   $\psi_d$ GENCLS 7
   519,             psid GENCLS 8,                   $\psi_d$ GENCLS 8
   520,             psid GENCLS 9,                   $\psi_d$ GENCLS 9
   521,            psid GENCLS 10,                  $\psi_d$ GENCLS 10
   522,            psid GENCLS 11,                  $\psi_d$ GENCLS 11
   523,            psid GENCLS 12,                  $\psi_d$ GENCLS 12
   524,            psid GENCLS 13,                  $\psi_d$ GENCLS 13
   525,            psid GENCLS 14,                  $\psi_d$ GENCLS 14
   526,            psid GENCLS 15,                  $\psi_d$ GENCLS 15
   527,            psid GENCLS 16,                  $\psi_d$ GENCLS 16
   528,            psid GENCLS 17,                  $\psi_d$ GENCLS 17
   529,            psid GENCLS 18,                  $\psi_d$ GENCLS 18
   530,            psid GENCLS 19,                  $\psi_d$ GENCLS 19
   531,            psid GENCLS 20,                  $\psi_d$ GENCLS 20
   532,            psid GENCLS 21,                  $\psi_d$ GENCLS 21
   533,            psid GENCLS 22,                  $\psi_d$ GENCLS 22
   534,            psid GENCLS 23,                  $\psi_d$ GENCLS 23
   535,            psid GENCLS 24,                  $\psi_d$ GENCLS 24
   536,            psid GENCLS 25,                  $\psi_d$ GENCLS 25
   537,            psid GENCLS 26,                  $\psi_d$ GENCLS 26
   538,            psid GENCLS 27,                  $\psi_d$ GENCLS 27
   539,            psid GENCLS 28,                  $\psi_d$ GENCLS 28
   540,            psid GENCLS 29,                  $\psi_d$ GENCLS 29
   541,            psid GENCLS 30,                  $\psi_d$ GENCLS 30
   542,            psid GENCLS 31,                  $\psi_d$ GENCLS 31
   543,            psid GENCLS 32,                  $\psi_d$ GENCLS 32
   544,            psid GENCLS 33,                  $\psi_d$ GENCLS 33
   545,            psid GENCLS 34,                  $\psi_d$ GENCLS 34
   546,             psiq GENCLS 1,                   $\psi_q$ GENCLS 1
   547,             psiq GENCLS 2,                   $\psi_q$ GENCLS 2
   548,             psiq GENCLS 3,                   $\psi_q$ GENCLS 3
   549,             psiq GENCLS 4,                   $\psi_q$ GENCLS 4
   550,             psiq GENCLS 5,                   $\psi_q$ GENCLS 5
   551,             psiq GENCLS 6,                   $\psi_q$ GENCLS 6
   552,             psiq GENCLS 7,                   $\psi_q$ GENCLS 7
   553,             psiq GENCLS 8,                   $\psi_q$ GENCLS 8
   554,             psiq GENCLS 9,                   $\psi_q$ GENCLS 9
   555,            psiq GENCLS 10,                  $\psi_q$ GENCLS 10
   556,            psiq GENCLS 11,                  $\psi_q$ GENCLS 11
   557,            psiq GENCLS 12,                  $\psi_q$ GENCLS 12
   558,            psiq GENCLS 13,                  $\psi_q$ GENCLS 13
   559,            psiq GENCLS 14,                  $\psi_q$ GENCLS 14
   560,            psiq GENCLS 15,                  $\psi_q$ GENCLS 15
   561,            psiq GENCLS 16,                  $\psi_q$ GENCLS 16
   562,            psiq GENCLS 17,                  $\psi_q$ GENCLS 17
   563,            psiq GENCLS 18,                  $\psi_q$ GENCLS 18
   564,            psiq GENCLS 19,                  $\psi_q$ GENCLS 19
   565,            psiq GENCLS 20,                  $\psi_q$ GENCLS 20
   566,            psiq GENCLS 21,                  $\psi_q$ GENCLS 21
   567,            psiq GENCLS 22,                  $\psi_q$ GENCLS 22
   568,            psiq GENCLS 23,                  $\psi_q$ GENCLS 23
   569,            psiq GENCLS 24,                  $\psi_q$ GENCLS 24
   570,            psiq GENCLS 25,                  $\psi_q$ GENCLS 25
   571,            psiq GENCLS 26,                  $\psi_q$ GENCLS 26
   572,            psiq GENCLS 27,                  $\psi_q$ GENCLS 27
   573,            psiq GENCLS 28,                  $\psi_q$ GENCLS 28
   574,            psiq GENCLS 29,                  $\psi_q$ GENCLS 29
   575,            psiq GENCLS 30,                  $\psi_q$ GENCLS 30
   576,            psiq GENCLS 31,                  $\psi_q$ GENCLS 31
   577,            psiq GENCLS 32,                  $\psi_q$ GENCLS 32
   578,            psiq GENCLS 33,                  $\psi_q$ GENCLS 33
   579,            psiq GENCLS 34,                  $\psi_q$ GENCLS 34
